2022-01-24 18:00:06 [    INFO] Testing status code 200 -- send request to https://httpbin.org/headers (test_api.py:9)
2022-01-24 18:00:06 [    INFO] Starting new HTTPS connection (1): httpbin.org (connectionpool.py:734)
2022-01-24 18:00:07 [    INFO] assert 200 == 200 status code (test_api.py:14)
2022-01-24 18:00:07 [    INFO] Done. (test_api.py:15)
